Menu:
	r to find a route
	b to see a list of all buildings
	q to quit

Enter an option ('m' to see the menu): # Verify that the program outputs the menu correctly.
Menu:
	r to find a route
	b to see a list of all buildings
	q to quit

Enter an option ('m' to see the menu):
# Terminate program
