# Test creating a graph with two nodes

# Create a graph
created graph graph1

# Add a pair of nodes
added node node1 to graph1
added node node2 to graph1

# Print the nodes in the graph
graph1 contains: node1 node2